16:21:02.230 | INFO    | Tree debug log initialised at tree_search_debug.log
16:21:02.230 | INFO    | === TreeMessagePatching_LimitedLevelWidth start === root=FINAL_Node(layer=15, position=16) max_width=10 include_negative=True
16:21:02.230 | DEBUG   | --- depth 0 --- frontier_size=1
16:21:04.069 | INFO    | === depth 0 done === scored=9233 admitted=10 next_frontier_size=10
16:21:04.070 | DEBUG   | --- depth 1 --- frontier_size=10
16:21:49.646 | INFO    | === depth 1 done === scored=66072 admitted=10 next_frontier_size=10
16:21:49.646 | DEBUG   | --- depth 2 --- frontier_size=10
16:22:52.896 | INFO    | === depth 2 done === scored=61561 admitted=10 next_frontier_size=10
16:22:52.896 | DEBUG   | --- depth 3 --- frontier_size=10
16:23:56.630 | INFO    | === depth 3 done === scored=43883 admitted=10 next_frontier_size=10
16:23:56.630 | DEBUG   | --- depth 4 --- frontier_size=10
16:25:02.406 | INFO    | === depth 4 done === scored=37599 admitted=10 next_frontier_size=10
16:25:02.407 | DEBUG   | --- depth 5 --- frontier_size=10
16:25:53.752 | INFO    | === depth 5 done === scored=24775 admitted=10 next_frontier_size=8
16:25:53.752 | DEBUG   | --- depth 6 --- frontier_size=8
16:26:29.745 | INFO    | === depth 6 done === scored=16879 admitted=10 next_frontier_size=8
16:26:29.745 | DEBUG   | --- depth 7 --- frontier_size=8
16:26:54.679 | INFO    | === depth 7 done === scored=11559 admitted=10 next_frontier_size=9
16:26:54.679 | DEBUG   | --- depth 8 --- frontier_size=9
16:27:24.385 | INFO    | === depth 8 done === scored=11979 admitted=10 next_frontier_size=9
16:27:24.385 | DEBUG   | --- depth 9 --- frontier_size=9
16:27:41.698 | INFO    | === depth 9 done === scored=6897 admitted=10 next_frontier_size=6
16:27:41.698 | DEBUG   | --- depth 10 --- frontier_size=6
16:27:42.352 | INFO    | === depth 10 done === scored=199 admitted=10 next_frontier_size=10
16:27:42.353 | DEBUG   | --- depth 11 --- frontier_size=10
16:27:42.394 | INFO    | === depth 11 done === scored=10 admitted=10 next_frontier_size=0
16:27:42.394 | INFO    | === TreeMessagePatching_LimitedLevelWidth end === depth_reached=12
